#
# There is insufficient memory for the Java Runtime Environment to continue.
# Native memory allocation (malloc) failed to allocate 1048576 bytes. Error detail: AllocateHeap
# Possible reasons:
#   The system is out of physical RAM or swap space
#   This process is running with CompressedOops enabled, and the Java Heap may be blocking the growth of the native heap
# Possible solutions:
#   Reduce memory load on the system
#   Increase physical memory or swap space
#   Check if swap backing store is full
#   Decrease Java heap size (-Xmx/-Xms)
#   Decrease number of Java threads
#   Decrease Java thread stack sizes (-Xss)
#   Set larger code cache with -XX:ReservedCodeCacheSize=
#   JVM is running with Unscaled Compressed Oops mode in which the Java heap is
#     placed in the first 4GB address space. The Java Heap base address is the
#     maximum limit for the native heap growth. Please use -XX:HeapBaseMinAddress
#     to set the Java Heap base and to place the Java Heap above 4GB virtual address.
# This output file may be truncated or incomplete.
#
#  Out of Memory Error (allocation.cpp:44), pid=33376, tid=7188
#
# JRE version: OpenJDK Runtime Environment Temurin-21.0.12.1+1 (21.0.12.1+1) (build 21.0.12.1+1-LTS)
# Java VM: OpenJDK 64-Bit Server VM Temurin-21.0.12.1+1 (21.0.12.1+1-LTS, mixed mode, sharing, tiered, compressed oops, compressed class ptrs, parallel gc, windows-amd64)
# No core dump will be written. Minidumps are not enabled by default on client versions of Windows
#

---------------  S U M M A R Y ------------

Command Line: --add-modules=ALL-SYSTEM --add-opens=java.base/java.util=ALL-UNNAMED --add-opens=java.base/java.lang=ALL-UNNAMED --add-opens=java.base/sun.nio.fs=ALL-UNNAMED -Declipse.application=org.eclipse.jdt.ls.core.id1 -Dosgi.bundles.defaultStartLevel=4 -Declipse.product=org.eclipse.jdt.ls.core.product -Djava.import.generatesMetadataFilesAtProjectRoot=false -Dm2e.project.cache.size=50 -DDetectVMInstallationsJob.disabled=true -Dfile.encoding=utf8 -XX:+UseParallelGC -XX:GCTimeRatio=4 -XX:AdaptiveSizePolicyWeight=90 -Dsun.zip.disableMemoryMapping=true -Xmx2G -Xms100m -Xlog:disable -javaagent:c:\Users\yoelw\.vscode\extensions\redhat.java-1.56.0-win32-x64\lombok\lombok-1.18.39-4050.jar -XX:+HeapDumpOnOutOfMemoryError -XX:HeapDumpPath=c:\Users\yoelw\AppData\Roaming\Code\User\workspaceStorage\6b46e53ac1ccabaa3e24e8d0aff17256\redhat.java -Daether.dependencyCollector.impl=bf c:\Users\yoelw\.vscode\extensions\redhat.java-1.56.0-win32-x64\server\plugins\org.eclipse.equinox.launcher_1.8.0.v20260804-1928.jar -configuration c:\Users\yoelw\AppData\Roaming\Code\User\globalStorage\redhat.java\1.56.0\config_win -data c:\Users\yoelw\AppData\Roaming\Code\User\workspaceStorage\6b46e53ac1ccabaa3e24e8d0aff17256\redhat.java\jdt_ws --pipe=\\.\pipe\lsp-3ef1b79ed098aa4a73403ab1a42f209d-sock

Host: AMD Ryzen 7 7730U with Radeon Graphics         , 16 cores, 7G,  Windows 11 , 64 bit Build 26100 (10.0.26100.9444)
Time: Mon Sep 14 12:54:48 2026 Hora est. Pacífico, Sudamérica elapsed time: 1903.846965 seconds (0d 0h 31m 43s)

---------------  T H R E A D  ---------------

Current thread (0x00000141d8027600):  JavaThread "Attach Listener" daemon [_thread_in_vm, id=7188, stack(0x0000000100d00000,0x0000000100e00000) (1024K)]

Stack: [0x0000000100d00000,0x0000000100e00000]
Native frames: (J=compiled Java code, j=interpreted, Vv=VM code, C=native code)
V  [jvm.dll+0x6d83e9]
V  [jvm.dll+0x8b5736]
V  [jvm.dll+0x8b7cee]
V  [jvm.dll+0x8b83d3]
V  [jvm.dll+0x284596]
V  [jvm.dll+0xc13c7]
V  [jvm.dll+0x6d8c99]
V  [jvm.dll+0x133616]
V  [jvm.dll+0x3f8aae]
V  [jvm.dll+0x8600cd]
V  [jvm.dll+0x6d6c1d]
C  [ucrtbase.dll+0x2cd30]
C  [KERNEL32.DLL+0x2cd87]
C  [ntdll.dll+0xacaec]


---------------  P R O C E S S  ---------------

Threads class SMR info:
_java_thread_list=0x00000141f8e1caa0, length=66, elements={
0x00000141d5b595c0, 0x00000141d80233e0, 0x00000141d8023f40, 0x00000141d8026900,
0x00000141d8027600, 0x00000141d802df30, 0x00000141d802d210, 0x00000141efde8d30,
0x00000141efdebdd0, 0x00000141d802d8a0, 0x00000141d802e5c0, 0x00000141d802ec50,
0x00000141d802f2e0, 0x00000141d802f970, 0x00000141d8030000, 0x00000141d8030690,
0x00000141f682d750, 0x00000141f682e470, 0x00000141f682f190, 0x00000141f682dde0,
0x00000141f6832ca0, 0x00000141f6833330, 0x00000141f6831260, 0x00000141f6830bd0,
0x00000141f68318f0, 0x00000141f68339c0, 0x00000141f6834050, 0x00000141f6831f80,
0x00000141f6832610, 0x00000141f1dc40c0, 0x00000141f1dc12d0, 0x00000141f1dc0c40,
0x00000141f1dc4750, 0x00000141f1dc1ff0, 0x00000141f1dc4de0, 0x00000141f1dc1960,
0x00000141f1dc33a0, 0x00000141f1dc3a30, 0x00000141f1dc2680, 0x00000141f1dc6190,
0x00000141f1dc2d10, 0x00000141f1dc7540, 0x00000141f1dc6820, 0x00000141f1dc7bd0,
0x00000141f1dc5b00, 0x00000141f85f1040, 0x00000141f85f3e30, 0x00000141f85f3110,
0x00000141f85f23f0, 0x00000141f85f16d0, 0x00000141f85f44c0, 0x00000141f8ec4c20,
0x00000141f8ec52b0, 0x00000141f67faa10, 0x00000141f67fd170, 0x00000141f67fde90,
0x00000141f67ff240, 0x00000141f67fbdc0, 0x00000141f85f7940, 0x00000141f682f820,
0x00000141f67fcae0, 0x00000141f67fd800, 0x00000141fac8b400, 0x00000141f9b7e7e0,
0x00000141f9b7d430, 0x00000141f9b80220
}

Java Threads: ( => current thread )
  0x00000141d5b595c0 JavaThread "main"                              [_thread_blocked, id=4024, stack(0x0000000100600000,0x0000000100700000) (1024K)]
  0x00000141d80233e0 JavaThread "Reference Handler"          daemon [_thread_blocked, id=16700, stack(0x0000000100a00000,0x0000000100b00000) (1024K)]
  0x00000141d8023f40 JavaThread "Finalizer"                  daemon [_thread_blocked, id=40080, stack(0x0000000100b00000,0x0000000100c00000) (1024K)]
  0x00000141d8026900 JavaThread "Signal Dispatcher"          daemon [_thread_blocked, id=40488, stack(0x0000000100c00000,0x0000000100d00000) (1024K)]
=>0x00000141d8027600 JavaThread "Attach Listener"            daemon [_thread_in_vm, id=7188, stack(0x0000000100d00000,0x0000000100e00000) (1024K)]
  0x00000141d802df30 JavaThread "Service Thread"             daemon [_thread_blocked, id=14812, stack(0x0000000100e00000,0x0000000100f00000) (1024K)]
  0x00000141d802d210 JavaThread "Monitor Deflation Thread"   daemon [_thread_blocked, id=37128, stack(0x0000000100f00000,0x0000000101000000) (1024K)]
  0x00000141efde8d30 JavaThread "C2 CompilerThread0"         daemon [_thread_blocked, id=30640, stack(0x0000000101000000,0x0000000101100000) (1024K)]
  0x00000141efdebdd0 JavaThread "C1 CompilerThread0"         daemon [_thread_blocked, id=26808, stack(0x0000000101100000,0x0000000101200000) (1024K)]
  0x00000141d802d8a0 JavaThread "Common-Cleaner"             daemon [_thread_blocked, id=37096, stack(0x0000000101400000,0x0000000101500000) (1024K)]
  0x00000141d802e5c0 JavaThread "Notification Thread"        daemon [_thread_blocked, id=30772, stack(0x0000000101500000,0x0000000101600000) (1024K)]
  0x00000141d802ec50 JavaThread "Active Thread: Equinox Container: ab2ebce9-b423-49d9-9728-e9b0a706d37d"        [_thread_blocked, id=1752, stack(0x0000000101d00000,0x0000000101e00000) (1024K)]
  0x00000141d802f2e0 JavaThread "Refresh Thread: Equinox Container: ab2ebce9-b423-49d9-9728-e9b0a706d37d" daemon [_thread_blocked, id=32256, stack(0x0000000101f00000,0x0000000102000000) (1024K)]
  0x00000141d802f970 JavaThread "Framework Event Dispatcher: Equinox Container: ab2ebce9-b423-49d9-9728-e9b0a706d37d" daemon [_thread_blocked, id=39136, stack(0x0000000102000000,0x0000000102100000) (1024K)]
  0x00000141d8030000 JavaThread "Start Level: Equinox Container: ab2ebce9-b423-49d9-9728-e9b0a706d37d" daemon [_thread_blocked, id=37776, stack(0x0000000102100000,0x0000000102200000) (1024K)]
  0x00000141d8030690 JavaThread "Bundle File Closer"         daemon [_thread_blocked, id=27296, stack(0x0000000102500000,0x0000000102600000) (1024K)]
  0x00000141f682d750 JavaThread "SCR Component Actor"        daemon [_thread_blocked, id=10012, stack(0x0000000101200000,0x0000000101300000) (1024K)]
  0x00000141f682e470 JavaThread "Worker-JM"                         [_thread_blocked, id=17616, stack(0x0000000102700000,0x0000000102800000) (1024K)]
  0x00000141f682f190 JavaThread "JNA Cleaner"                daemon [_thread_blocked, id=21388, stack(0x0000000102900000,0x0000000102a00000) (1024K)]
  0x00000141f682dde0 JavaThread "Java indexing"              daemon [_thread_blocked, id=38304, stack(0x0000000102c00000,0x0000000102d00000) (1024K)]
  0x00000141f6832ca0 JavaThread "Thread-1"                   daemon [_thread_in_native, id=13828, stack(0x0000000103200000,0x0000000103300000) (1024K)]
  0x00000141f6833330 JavaThread "Thread-2"                   daemon [_thread_in_native, id=30064, stack(0x0000000103300000,0x0000000103400000) (1024K)]
  0x00000141f6831260 JavaThread "Thread-3"                   daemon [_thread_in_native, id=23856, stack(0x0000000103400000,0x0000000103500000) (1024K)]
  0x00000141f6830bd0 JavaThread "Thread-4"                   daemon [_thread_in_native, id=23492, stack(0x0000000103500000,0x0000000103600000) (1024K)]
  0x00000141f68318f0 JavaThread "Thread-5"                   daemon [_thread_in_native, id=11500, stack(0x0000000103600000,0x0000000103700000) (1024K)]
  0x00000141f68339c0 JavaThread "Thread-6"                   daemon [_thread_in_native, id=14100, stack(0x0000000103700000,0x0000000103800000) (1024K)]
  0x00000141f6834050 JavaThread "Thread-7"                   daemon [_thread_in_native, id=38104, stack(0x0000000103800000,0x0000000103900000) (1024K)]
  0x00000141f6831f80 JavaThread "Thread-8"                   daemon [_thread_in_native, id=38972, stack(0x0000000103900000,0x0000000103a00000) (1024K)]
  0x00000141f6832610 JavaThread "Thread-9"                   daemon [_thread_in_native, id=10152, stack(0x0000000103a00000,0x0000000103b00000) (1024K)]
  0x00000141f1dc40c0 JavaThread "Thread-10"                  daemon [_thread_in_native, id=37440, stack(0x0000000103b00000,0x0000000103c00000) (1024K)]
  0x00000141f1dc12d0 JavaThread "Thread-11"                  daemon [_thread_in_native, id=26368, stack(0x0000000103c00000,0x0000000103d00000) (1024K)]
  0x00000141f1dc0c40 JavaThread "Thread-12"                  daemon [_thread_in_native, id=2736, stack(0x0000000103d00000,0x0000000103e00000) (1024K)]
  0x00000141f1dc4750 JavaThread "Thread-13"                  daemon [_thread_in_native, id=33672, stack(0x0000000103e00000,0x0000000103f00000) (1024K)]
  0x00000141f1dc1ff0 JavaThread "Thread-14"                  daemon [_thread_in_native, id=39368, stack(0x0000000103f00000,0x0000000104000000) (1024K)]
  0x00000141f1dc4de0 JavaThread "Thread-15"                  daemon [_thread_in_native, id=20764, stack(0x0000000104000000,0x0000000104100000) (1024K)]
  0x00000141f1dc1960 JavaThread "Thread-16"                  daemon [_thread_in_native, id=23344, stack(0x0000000104100000,0x0000000104200000) (1024K)]
  0x00000141f1dc33a0 JavaThread "Thread-17"                  daemon [_thread_in_native, id=28872, stack(0x0000000104200000,0x0000000104300000) (1024K)]
  0x00000141f1dc3a30 JavaThread "pool-2-thread-1"                   [_thread_blocked, id=856, stack(0x0000000104300000,0x0000000104400000) (1024K)]
  0x00000141f1dc2680 JavaThread "WorkspaceEventsHandler"            [_thread_blocked, id=20280, stack(0x0000000104400000,0x0000000104500000) (1024K)]
  0x00000141f1dc6190 JavaThread "pool-1-thread-1"                   [_thread_blocked, id=12044, stack(0x0000000104500000,0x0000000104600000) (1024K)]
  0x00000141f1dc2d10 JavaThread "PatternSearchJob-worker-1"  daemon [_thread_blocked, id=28148, stack(0x0000000104600000,0x0000000104700000) (1024K)]
  0x00000141f1dc7540 JavaThread "PatternSearchJob-worker-3"  daemon [_thread_blocked, id=6640, stack(0x0000000104800000,0x0000000104900000) (1024K)]
  0x00000141f1dc6820 JavaThread "PatternSearchJob-worker-5"  daemon [_thread_blocked, id=39720, stack(0x0000000104a00000,0x0000000104b00000) (1024K)]
  0x00000141f1dc7bd0 JavaThread "PatternSearchJob-worker-7"  daemon [_thread_blocked, id=12248, stack(0x0000000104c00000,0x0000000104d00000) (1024K)]
  0x00000141f1dc5b00 JavaThread "PatternSearchJob-worker-8"  daemon [_thread_blocked, id=40432, stack(0x0000000104d00000,0x0000000104e00000) (1024K)]
  0x00000141f85f1040 JavaThread "PatternSearchJob-worker-9"  daemon [_thread_blocked, id=4352, stack(0x0000000104e00000,0x0000000104f00000) (1024K)]
  0x00000141f85f3e30 JavaThread "PatternSearchJob-worker-10" daemon [_thread_blocked, id=33516, stack(0x0000000104f00000,0x0000000105000000) (1024K)]
  0x00000141f85f3110 JavaThread "PatternSearchJob-worker-11" daemon [_thread_blocked, id=32528, stack(0x0000000105000000,0x0000000105100000) (1024K)]
  0x00000141f85f23f0 JavaThread "PatternSearchJob-worker-13" daemon [_thread_blocked, id=16928, stack(0x0000000105200000,0x0000000105300000) (1024K)]
  0x00000141f85f16d0 JavaThread "PatternSearchJob-worker-14" daemon [_thread_blocked, id=13976, stack(0x0000000105300000,0x0000000105400000) (1024K)]
  0x00000141f85f44c0 JavaThread "PatternSearchJob-worker-15" daemon [_thread_blocked, id=16872, stack(0x0000000105400000,0x0000000105500000) (1024K)]
  0x00000141f8ec4c20 JavaThread "Java Debug Server"          daemon [_thread_in_native, id=14696, stack(0x0000000100500000,0x0000000100600000) (1024K)]
  0x00000141f8ec52b0 JavaThread "RxSchedulerPurge-1"         daemon [_thread_blocked, id=25652, stack(0x0000000102600000,0x0000000102700000) (1024K)]
  0x00000141f67faa10 JavaThread "RxCachedWorkerPoolEvictor-1" daemon [_thread_blocked, id=22624, stack(0x0000000102b00000,0x0000000102c00000) (1024K)]
  0x00000141f67fd170 JavaThread "pool-4-thread-3"                   [_thread_in_native, id=39428, stack(0x0000000104900000,0x0000000104a00000) (1024K)]
  0x00000141f67fde90 JavaThread "process reaper (pid 10444)" daemon [_thread_in_native, id=25904, stack(0x0000000102e00000,0x0000000102e20000) (128K)]
  0x00000141f67ff240 JavaThread "PatternSearchJob-worker-16" daemon [_thread_blocked, id=30740, stack(0x0000000102a00000,0x0000000102b00000) (1024K)]
  0x00000141f67fbdc0 JavaThread "PatternSearchJob-worker-17" daemon [_thread_blocked, id=29848, stack(0x0000000104b00000,0x0000000104c00000) (1024K)]
  0x00000141f85f7940 JavaThread "LocalFile Deleter"          daemon [_thread_blocked, id=28116, stack(0x0000000106300000,0x0000000106400000) (1024K)]
  0x00000141f682f820 JavaThread "LocalFile Deleter"          daemon [_thread_blocked, id=26472, stack(0x0000000106500000,0x0000000106600000) (1024K)]
  0x00000141f67fcae0 JavaThread "LocalFile Deleter"          daemon [_thread_blocked, id=19964, stack(0x0000000106a00000,0x0000000106b00000) (1024K)]
  0x00000141f67fd800 JavaThread "LocalFile Deleter"          daemon [_thread_blocked, id=39876, stack(0x0000000106b00000,0x0000000106c00000) (1024K)]
  0x00000141fac8b400 JavaThread "Worker-12"                         [_thread_blocked, id=17448, stack(0x0000000108b00000,0x0000000108c00000) (1024K)]
  0x00000141f9b7e7e0 JavaThread "RxNewThreadScheduler-9"     daemon [_thread_blocked, id=19772, stack(0x0000000100100000,0x0000000100200000) (1024K)]
  0x00000141f9b7d430 JavaThread "Worker-13"                         [_thread_blocked, id=40676, stack(0x0000000101600000,0x0000000101700000) (1024K)]
  0x00000141f9b80220 JavaThread "ForkJoinPool.commonPool-worker-20" daemon [_thread_blocked, id=6536, stack(0x0000000102d00000,0x0000000102e00000) (1024K)]
Total: 66

Other Threads:
  0x00000141eea12520 VMThread "VM Thread"                           [id=7200, stack(0x0000000100900000,0x0000000100a00000) (1024K)]
  0x00000141ee90ca00 WatcherThread "VM Periodic Task Thread"        [id=40864, stack(0x0000000100800000,0x0000000100900000) (1024K)]
  0x00000141d7f9a9b0 WorkerThread "GC Thread#0"                     [id=36464, stack(0x0000000100700000,0x0000000100800000) (1024K)]
  0x00000141f1c1eb40 WorkerThread "GC Thread#1"                     [id=33632, stack(0x0000000101700000,0x0000000101800000) (1024K)]
  0x00000141f611fae0 WorkerThread "GC Thread#2"                     [id=11464, stack(0x0000000101800000,0x0000000101900000) (1024K)]
  0x00000141f1800d30 WorkerThread "GC Thread#3"                     [id=40240, stack(0x0000000101900000,0x0000000101a00000) (1024K)]
  0x00000141f18010e0 WorkerThread "GC Thread#4"                     [id=8156, stack(0x0000000101a00000,0x0000000101b00000) (1024K)]
  0x00000141f6014fd0 WorkerThread "GC Thread#5"                     [id=7076, stack(0x0000000101b00000,0x0000000101c00000) (1024K)]
  0x00000141f18024a0 WorkerThread "GC Thread#6"                     [id=12676, stack(0x0000000101c00000,0x0000000101d00000) (1024K)]
  0x00000141f60800e0 WorkerThread "GC Thread#7"                     [id=29168, stack(0x0000000101e00000,0x0000000101f00000) (1024K)]
  0x00000141f6525700 WorkerThread "GC Thread#8"                     [id=27608, stack(0x0000000102200000,0x0000000102300000) (1024K)]
  0x00000141f6556230 WorkerThread "GC Thread#9"                     [id=35908, stack(0x0000000102300000,0x0000000102400000) (1024K)]
  0x00000141f623c600 WorkerThread "GC Thread#10"                    [id=14808, stack(0x0000000102400000,0x0000000102500000) (1024K)]
  0x00000141f68d3580 WorkerThread "GC Thread#11"                    [id=17196, stack(0x0000000101300000,0x0000000101400000) (1024K)]
  0x00000141f65c5bc0 WorkerThread "GC Thread#12"                    [id=17084, stack(0x0000000102800000,0x0000000102900000) (1024K)]
Total: 15

Threads with active compile tasks:
Total: 0

VM state: not at safepoint (normal execution)

VM Mutex/Monitor currently owned by a thread: None

Heap address: 0x0000000080000000, size: 2048 MB, Compressed Oops mode: 32-bit

CDS archive(s) mapped at: [0x0000014180000000-0x0000014180ba0000-0x0000014180ba0000), size 12189696, SharedBaseAddress: 0x0000014180000000, ArchiveRelocationMode: 1.
Compressed class space mapped at: 0x0000014181000000-0x00000141c1000000, reserved size: 1073741824
Narrow klass base: 0x0000014180000000, Narrow klass shift: 0, Narrow klass range: 0x100000000

GC Precious Log:
 CardTable entry size: 512
 CPUs: 16 total, 16 available
 Memory: 7581M
 Large Page Support: Disabled
 NUMA Support: Disabled
 Compressed Oops: Enabled (32-bit)
 Alignments: Space 512K, Generation 512K, Heap 2M
 Heap Min Capacity: 100M
 Heap Initial Capacity: 100M
 Heap Max Capacity: 2G
 Pre-touch: Disabled
 Parallel Workers: 13

Heap:
 PSYoungGen      total 5632K, used 3637K [0x00000000d5580000, 0x00000000d5e80000, 0x0000000100000000)
  eden space 4608K, 61% used [0x00000000d5580000,0x00000000d58456a0,0x00000000d5a00000)
  from space 1024K, 78% used [0x00000000d5d80000,0x00000000d5e48000,0x00000000d5e80000)
  to   space 1024K, 0% used [0x00000000d5c80000,0x00000000d5c80000,0x00000000d5d80000)
 ParOldGen       total 582656K, used 100553K [0x0000000080000000, 0x00000000a3900000, 0x00000000d5580000)
  object space 582656K, 17% used [0x0000000080000000,0x0000000086232528,0x00000000a3900000)
 Metaspace       used 78186K, committed 80064K, reserved 1179648K
  class space    used 8124K, committed 8896K, reserved 1048576K

Card table byte_map: [0x00000141d7940000,0x00000141d7d50000] _byte_map_base: 0x00000141d7540000

Marking Bits: (ParMarkBitMap*) 0x00007ff8174d44a0
 Begin Bits: [0x00000141ea430000, 0x00000141ec430000)
 End Bits:   [0x00000141ec430000, 0x00000141ee430000)

Polling page: 0x00000141d6180000

Metaspace:

Usage:
  Non-class:     68.42 MB used.
      Class:      7.93 MB used.
       Both:     76.35 MB used.

Virtual space:
  Non-class space:      128.00 MB reserved,      69.50 MB ( 54%) committed,  2 nodes.
      Class space:        1.00 GB reserved,       8.69 MB ( <1%) committed,  1 nodes.
             Both:        1.12 GB reserved,      78.19 MB (  7%) committed. 

Chunk freelists:
   Non-Class:  9.72 MB
       Class:  7.29 MB
        Both:  17.01 MB

MaxMetaspaceSize: unlimited
CompressedClassSpaceSize: 1.00 GB
Initial GC threshold: 21.00 MB
Current GC threshold: 128.06 MB
CDS: on
 - commit_granule_bytes: 65536.
 - commit_granule_words: 8192.
 - virtual_space_node_default_size: 8388608.
 - enlarge_chunks_in_place: 1.
 - use_allocation_guard: 0.


Internal statistics:

num_allocs_failed_limit: 15.
num_arena_births: 1570.
num_arena_deaths: 46.
num_vsnodes_births: 3.
num_vsnodes_deaths: 0.
num_space_committed: 1254.
num_space_uncommitted: 3.
num_chunks_returned_to_freelist: 89.
num_chunks_taken_from_freelist: 5509.
num_chunk_merges: 27.
num_chunk_splits: 3330.
num_chunks_enlarged: 1817.
num_inconsistent_stats: 0.

CodeHeap 'non-profiled nmethods': size=119168Kb used=11626Kb max_used=11626Kb free=107541Kb
 bounds [0x00000141e2d20000, 0x00000141e3880000, 0x00000141ea180000]
CodeHeap 'profiled nmethods': size=119104Kb used=38142Kb max_used=40091Kb free=80961Kb
 bounds [0x00000141db180000, 0x00000141dd8b0000, 0x00000141e25d0000]
CodeHeap 'non-nmethods': size=7488Kb used=1473Kb max_used=3237Kb free=6014Kb
 bounds [0x00000141e25d0000, 0x00000141e2910000, 0x00000141e2d20000]
CodeCache: size=245760Kb, used=51241Kb, max_used=54954Kb, free=194516Kb
 total_blobs=17412, nmethods=16615, adapters=699, full_count=0
Compilation: enabled, stopped_count=0, restarted_count=0

Compilation events (20 events):
Event: 1843.072 Thread 0x00000141efde8d30 18249       4       java.util.stream.Collectors::toList (26 bytes)
Event: 1843.075 Thread 0x00000141efde8d30 nmethod 18249 0x00000141e386b810 code [0x00000141e386b9a0, 0x00000141e386ba88]
Event: 1843.075 Thread 0x00000141efde8d30 18221       4       java.util.regex.CharPredicates$$Lambda/0x800000025::is (5 bytes)
Event: 1843.076 Thread 0x00000141efde8d30 nmethod 18221 0x00000141e386bb90 code [0x00000141e386bd20, 0x00000141e386be10]
Event: 1843.077 Thread 0x00000141efde8d30 18224   !   4       org.eclipse.jdt.internal.core.JavaProject::hasJavaNature (38 bytes)
Event: 1843.149 Thread 0x00000141efde8d30 nmethod 18224 0x00000141e386bf10 code [0x00000141e386c280, 0x00000141e386dce8]
Event: 1843.150 Thread 0x00000141efde8d30 18231   !   4       org.eclipse.jdt.internal.core.JavaProject::getOption (43 bytes)
Event: 1843.374 Thread 0x00000141efde8d30 nmethod 18231 0x00000141e386ee10 code [0x00000141e386f2a0, 0x00000141e3872b80]
Event: 1843.375 Thread 0x00000141efde8d30 18207   !   4       org.eclipse.jdt.internal.core.Openable::exists (119 bytes)
Event: 1843.470 Thread 0x00000141efde8d30 nmethod 18207 0x00000141e3875190 code [0x00000141e3875580, 0x00000141e3876c70]
Event: 1843.471 Thread 0x00000141efde8d30 18219       4       java.net.URI::equals (223 bytes)
Event: 1843.502 Thread 0x00000141efde8d30 nmethod 18219 0x00000141e3878010 code [0x00000141e38782c0, 0x00000141e3879558]
Event: 1843.502 Thread 0x00000141efde8d30 18220       4       lombok.core.configuration.FileSystemSourceCache::cacheClear (43 bytes)
Event: 1843.530 Thread 0x00000141efde8d30 nmethod 18220 0x00000141e387a010 code [0x00000141e387a1c0, 0x00000141e387a348]
Event: 1843.530 Thread 0x00000141efde8d30 18273       4       lombok.core.LombokNode::up (26 bytes)
Event: 1843.531 Thread 0x00000141efde8d30 nmethod 18273 0x00000141e387a490 code [0x00000141e387a620, 0x00000141e387a6d8]
Event: 1843.531 Thread 0x00000141efde8d30 18217       4       java.lang.StringLatin1::toBytes (9 bytes)
Event: 1843.532 Thread 0x00000141efde8d30 nmethod 18217 0x00000141e387a790 code [0x00000141e387a920, 0x00000141e387aa08]
Event: 1873.454 Thread 0x00000141efdebdd0 18304       3       java.util.concurrent.ScheduledThreadPoolExecutor::triggerTime (22 bytes)
Event: 1873.459 Thread 0x00000141efdebdd0 nmethod 18304 0x00000141db592590 code [0x00000141db592740, 0x00000141db592920]

GC Heap History (20 events):
Event: 1094.257 GC heap before
{Heap before GC invocations=1145 (full 4):
 PSYoungGen      total 6144K, used 5684K [0x00000000d5580000, 0x00000000d5d00000, 0x0000000100000000)
  eden space 5120K, 100% used [0x00000000d5580000,0x00000000d5a80000,0x00000000d5a80000)
  from space 1024K, 55% used [0x00000000d5c00000,0x00000000d5c8d200,0x00000000d5d00000)
  to   space 1024K, 0% used [0x00000000d5b00000,0x00000000d5b00000,0x00000000d5c00000)
 ParOldGen       total 582656K, used 92142K [0x0000000080000000, 0x00000000a3900000, 0x00000000d5580000)
  object space 582656K, 15% used [0x0000000080000000,0x00000000859fb898,0x00000000a3900000)
 Metaspace       used 76837K, committed 78720K, reserved 1179648K
  class space    used 7983K, committed 8768K, reserved 1048576K
}
Event: 1094.259 GC heap after
{Heap after GC invocations=1145 (full 4):
 PSYoungGen      total 6144K, used 911K [0x00000000d5580000, 0x00000000d5c80000, 0x0000000100000000)
  eden space 5120K, 0% used [0x00000000d5580000,0x00000000d5580000,0x00000000d5a80000)
  from space 1024K, 89% used [0x00000000d5b00000,0x00000000d5be3f10,0x00000000d5c00000)
  to   space 512K, 0% used [0x00000000d5c00000,0x00000000d5c00000,0x00000000d5c80000)
 ParOldGen       total 582656K, used 92486K [0x0000000080000000, 0x00000000a3900000, 0x00000000d5580000)
  object space 582656K, 15% used [0x0000000080000000,0x0000000085a51898,0x00000000a3900000)
 Metaspace       used 76837K, committed 78720K, reserved 1179648K
  class space    used 7983K, committed 8768K, reserved 1048576K
}
Event: 1094.337 GC heap before
{Heap before GC invocations=1146 (full 4):
 PSYoungGen      total 6144K, used 6031K [0x00000000d5580000, 0x00000000d5c80000, 0x0000000100000000)
  eden space 5120K, 100% used [0x00000000d5580000,0x00000000d5a80000,0x00000000d5a80000)
  from space 1024K, 89% used [0x00000000d5b00000,0x00000000d5be3f10,0x00000000d5c00000)
  to   space 512K, 0% used [0x00000000d5c00000,0x00000000d5c00000,0x00000000d5c80000)
 ParOldGen       total 582656K, used 92486K [0x0000000080000000, 0x00000000a3900000, 0x00000000d5580000)
  object space 582656K, 15% used [0x0000000080000000,0x0000000085a51898,0x00000000a3900000)
 Metaspace       used 76938K, committed 78720K, reserved 1179648K
  class space    used 7989K, committed 8768K, reserved 1048576K
}
Event: 1094.340 GC heap after
{Heap after GC invocations=1146 (full 4):
 PSYoungGen      total 5120K, used 507K [0x00000000d5580000, 0x00000000d5e80000, 0x0000000100000000)
  eden space 4608K, 0% used [0x00000000d5580000,0x00000000d5580000,0x00000000d5a00000)
  from space 512K, 99% used [0x00000000d5c00000,0x00000000d5c7ec68,0x00000000d5c80000)
  to   space 2048K, 0% used [0x00000000d5a00000,0x00000000d5a00000,0x00000000d5c00000)
 ParOldGen       total 582656K, used 93450K [0x0000000080000000, 0x00000000a3900000, 0x00000000d5580000)
  object space 582656K, 16% used [0x0000000080000000,0x0000000085b42988,0x00000000a3900000)
 Metaspace       used 76938K, committed 78720K, reserved 1179648K
  class space    used 7989K, committed 8768K, reserved 1048576K
}
Event: 1094.384 GC heap before
{Heap before GC invocations=1147 (full 4):
 PSYoungGen      total 5120K, used 5098K [0x00000000d5580000, 0x00000000d5e80000, 0x0000000100000000)
  eden space 4608K, 99% used [0x00000000d5580000,0x00000000d59fbf50,0x00000000d5a00000)
  from space 512K, 99% used [0x00000000d5c00000,0x00000000d5c7ec68,0x00000000d5c80000)
  to   space 2048K, 0% used [0x00000000d5a00000,0x00000000d5a00000,0x00000000d5c00000)
 ParOldGen       total 582656K, used 93450K [0x0000000080000000, 0x00000000a3900000, 0x00000000d5580000)
  object space 582656K, 16% used [0x0000000080000000,0x0000000085b42988,0x00000000a3900000)
 Metaspace       used 76939K, committed 78720K, reserved 1179648K
  class space    used 7989K, committed 8768K, reserved 1048576K
}
Event: 1094.387 GC heap after
{Heap after GC invocations=1147 (full 4):
 PSYoungGen      total 6656K, used 2046K [0x00000000d5580000, 0x00000000d6400000, 0x0000000100000000)
  eden space 4608K, 0% used [0x00000000d5580000,0x00000000d5580000,0x00000000d5a00000)
  from space 2048K, 99% used [0x00000000d5a00000,0x00000000d5bff9c0,0x00000000d5c00000)
  to   space 5120K, 0% used [0x00000000d5f00000,0x00000000d5f00000,0x00000000d6400000)
 ParOldGen       total 582656K, used 95856K [0x0000000080000000, 0x00000000a3900000, 0x00000000d5580000)
  object space 582656K, 16% used [0x0000000080000000,0x0000000085d9c0a0,0x00000000a3900000)
 Metaspace       used 76939K, committed 78720K, reserved 1179648K
  class space    used 7989K, committed 8768K, reserved 1048576K
}
Event: 1094.421 GC heap before
{Heap before GC invocations=1148 (full 4):
 PSYoungGen      total 6656K, used 6637K [0x00000000d5580000, 0x00000000d6400000, 0x0000000100000000)
  eden space 4608K, 99% used [0x00000000d5580000,0x00000000d59fbd68,0x00000000d5a00000)
  from space 2048K, 99% used [0x00000000d5a00000,0x00000000d5bff9c0,0x00000000d5c00000)
  to   space 5120K, 0% used [0x00000000d5f00000,0x00000000d5f00000,0x00000000d6400000)
 ParOldGen       total 582656K, used 95856K [0x0000000080000000, 0x00000000a3900000, 0x00000000d5580000)
  object space 582656K, 16% used [0x0000000080000000,0x0000000085d9c0a0,0x00000000a3900000)
 Metaspace       used 76944K, committed 78720K, reserved 1179648K
  class space    used 7989K, committed 8768K, reserved 1048576K
}
Event: 1094.424 GC heap after
{Heap after GC invocations=1148 (full 4):
 PSYoungGen      total 7168K, used 2345K [0x00000000d5580000, 0x00000000d6180000, 0x0000000100000000)
  eden space 4608K, 0% used [0x00000000d5580000,0x00000000d5580000,0x00000000d5a00000)
  from space 2560K, 91% used [0x00000000d5f00000,0x00000000d614a5e8,0x00000000d6180000)
  to   space 3584K, 0% used [0x00000000d5a80000,0x00000000d5a80000,0x00000000d5e00000)
 ParOldGen       total 582656K, used 97930K [0x0000000080000000, 0x00000000a3900000, 0x00000000d5580000)
  object space 582656K, 16% used [0x0000000080000000,0x0000000085fa2a28,0x00000000a3900000)
 Metaspace       used 76944K, committed 78720K, reserved 1179648K
  class space    used 7989K, committed 8768K, reserved 1048576K
}
Event: 1094.534 GC heap before
{Heap before GC invocations=1149 (full 4):
 PSYoungGen      total 7168K, used 6953K [0x00000000d5580000, 0x00000000d6180000, 0x0000000100000000)
  eden space 4608K, 100% used [0x00000000d5580000,0x00000000d5a00000,0x00000000d5a00000)
  from space 2560K, 91% used [0x00000000d5f00000,0x00000000d614a5e8,0x00000000d6180000)
  to   space 3584K, 0% used [0x00000000d5a80000,0x00000000d5a80000,0x00000000d5e00000)
 ParOldGen       total 582656K, used 97930K [0x0000000080000000, 0x00000000a3900000, 0x00000000d5580000)
  object space 582656K, 16% used [0x0000000080000000,0x0000000085fa2a28,0x00000000a3900000)
 Metaspace       used 77162K, committed 78912K, reserved 1179648K
  class space    used 8006K, committed 8768K, reserved 1048576K
}
Event: 1094.536 GC heap after
{Heap after GC invocations=1149 (full 4):
 PSYoungGen      total 8192K, used 544K [0x00000000d5580000, 0x00000000d5f80000, 0x0000000100000000)
  eden space 4608K, 0% used [0x00000000d5580000,0x00000000d5580000,0x00000000d5a00000)
  from space 3584K, 15% used [0x00000000d5a80000,0x00000000d5b08000,0x00000000d5e00000)
  to   space 1536K, 0% used [0x00000000d5e00000,0x00000000d5e00000,0x00000000d5f80000)
 ParOldGen       total 582656K, used 98650K [0x0000000080000000, 0x00000000a3900000, 0x00000000d5580000)
  object space 582656K, 16% used [0x0000000080000000,0x0000000086056a38,0x00000000a3900000)
 Metaspace       used 77162K, committed 78912K, reserved 1179648K
  class space    used 8006K, committed 8768K, reserved 1048576K
}
Event: 1094.693 GC heap before
{Heap before GC invocations=1150 (full 4):
 PSYoungGen      total 8192K, used 5152K [0x00000000d5580000, 0x00000000d5f80000, 0x0000000100000000)
  eden space 4608K, 100% used [0x00000000d5580000,0x00000000d5a00000,0x00000000d5a00000)
  from space 3584K, 15% used [0x00000000d5a80000,0x00000000d5b08000,0x00000000d5e00000)
  to   space 1536K, 0% used [0x00000000d5e00000,0x00000000d5e00000,0x00000000d5f80000)
 ParOldGen       total 582656K, used 98650K [0x0000000080000000, 0x00000000a3900000, 0x00000000d5580000)
  object space 582656K, 16% used [0x0000000080000000,0x0000000086056a38,0x00000000a3900000)
 Metaspace       used 77916K, committed 79744K, reserved 1179648K
  class space    used 8097K, committed 8832K, reserved 1048576K
}
Event: 1094.696 GC heap after
{Heap after GC invocations=1150 (full 4):
 PSYoungGen      total 5120K, used 496K [0x00000000d5580000, 0x00000000d5e80000, 0x0000000100000000)
  eden space 4608K, 0% used [0x00000000d5580000,0x00000000d5580000,0x00000000d5a00000)
  from space 512K, 96% used [0x00000000d5e00000,0x00000000d5e7c050,0x00000000d5e80000)
  to   space 1024K, 0% used [0x00000000d5c80000,0x00000000d5c80000,0x00000000d5d80000)
 ParOldGen       total 582656K, used 99034K [0x0000000080000000, 0x00000000a3900000, 0x00000000d5580000)
  object space 582656K, 16% used [0x0000000080000000,0x00000000860b6a80,0x00000000a3900000)
 Metaspace       used 77916K, committed 79744K, reserved 1179648K
  class space    used 8097K, committed 8832K, reserved 1048576K
}
Event: 1345.581 GC heap before
{Heap before GC invocations=1151 (full 4):
 PSYoungGen      total 5120K, used 5104K [0x00000000d5580000, 0x00000000d5e80000, 0x0000000100000000)
  eden space 4608K, 99% used [0x00000000d5580000,0x00000000d59ffff0,0x00000000d5a00000)
  from space 512K, 96% used [0x00000000d5e00000,0x00000000d5e7c050,0x00000000d5e80000)
  to   space 1024K, 0% used [0x00000000d5c80000,0x00000000d5c80000,0x00000000d5d80000)
 ParOldGen       total 582656K, used 99034K [0x0000000080000000, 0x00000000a3900000, 0x00000000d5580000)
  object space 582656K, 16% used [0x0000000080000000,0x00000000860b6a80,0x00000000a3900000)
 Metaspace       used 78127K, committed 79936K, reserved 1179648K
  class space    used 8123K, committed 8896K, reserved 1048576K
}
Event: 1345.678 GC heap after
{Heap after GC invocations=1151 (full 4):
 PSYoungGen      total 5632K, used 416K [0x00000000d5580000, 0x00000000d5e80000, 0x0000000100000000)
  eden space 4608K, 0% used [0x00000000d5580000,0x00000000d5580000,0x00000000d5a00000)
  from space 1024K, 40% used [0x00000000d5c80000,0x00000000d5ce8000,0x00000000d5d80000)
  to   space 512K, 0% used [0x00000000d5e00000,0x00000000d5e00000,0x00000000d5e80000)
 ParOldGen       total 582656K, used 99335K [0x0000000080000000, 0x00000000a3900000, 0x00000000d5580000)
  object space 582656K, 17% used [0x0000000080000000,0x0000000086101cf0,0x00000000a3900000)
 Metaspace       used 78127K, committed 79936K, reserved 1179648K
  class space    used 8123K, committed 8896K, reserved 1048576K
}
Event: 1840.763 GC heap before
{Heap before GC invocations=1152 (full 4):
 PSYoungGen      total 5632K, used 5024K [0x00000000d5580000, 0x00000000d5e80000, 0x0000000100000000)
  eden space 4608K, 100% used [0x00000000d5580000,0x00000000d5a00000,0x00000000d5a00000)
  from space 1024K, 40% used [0x00000000d5c80000,0x00000000d5ce8000,0x00000000d5d80000)
  to   space 512K, 0% used [0x00000000d5e00000,0x00000000d5e00000,0x00000000d5e80000)
 ParOldGen       total 582656K, used 99335K [0x0000000080000000, 0x00000000a3900000, 0x00000000d5580000)
  object space 582656K, 17% used [0x0000000080000000,0x0000000086101cf0,0x00000000a3900000)
 Metaspace       used 78158K, committed 80000K, reserved 1179648K
  class space    used 8124K, committed 8896K, reserved 1048576K
}
Event: 1840.803 GC heap after
{Heap after GC invocations=1152 (full 4):
 PSYoungGen      total 5120K, used 496K [0x00000000d5580000, 0x00000000d5e80000, 0x0000000100000000)
  eden space 4608K, 0% used [0x00000000d5580000,0x00000000d5580000,0x00000000d5a00000)
  from space 512K, 96% used [0x00000000d5e00000,0x00000000d5e7c020,0x00000000d5e80000)
  to   space 1024K, 0% used [0x00000000d5c80000,0x00000000d5c80000,0x00000000d5d80000)
 ParOldGen       total 582656K, used 99589K [0x0000000080000000, 0x00000000a3900000, 0x00000000d5580000)
  object space 582656K, 17% used [0x0000000080000000,0x00000000861414c8,0x00000000a3900000)
 Metaspace       used 78158K, committed 80000K, reserved 1179648K
  class space    used 8124K, committed 8896K, reserved 1048576K
}
Event: 1841.304 GC heap before
{Heap before GC invocations=1153 (full 4):
 PSYoungGen      total 5120K, used 5104K [0x00000000d5580000, 0x00000000d5e80000, 0x0000000100000000)
  eden space 4608K, 100% used [0x00000000d5580000,0x00000000d5a00000,0x00000000d5a00000)
  from space 512K, 96% used [0x00000000d5e00000,0x00000000d5e7c020,0x00000000d5e80000)
  to   space 1024K, 0% used [0x00000000d5c80000,0x00000000d5c80000,0x00000000d5d80000)
 ParOldGen       total 582656K, used 99589K [0x0000000080000000, 0x00000000a3900000, 0x00000000d5580000)
  object space 582656K, 17% used [0x0000000080000000,0x00000000861414c8,0x00000000a3900000)
 Metaspace       used 78163K, committed 80000K, reserved 1179648K
  class space    used 8124K, committed 8896K, reserved 1048576K
}
Event: 1841.309 GC heap after
{Heap after GC invocations=1153 (full 4):
 PSYoungGen      total 5632K, used 800K [0x00000000d5580000, 0x00000000d5e80000, 0x0000000100000000)
  eden space 4608K, 0% used [0x00000000d5580000,0x00000000d5580000,0x00000000d5a00000)
  from space 1024K, 78% used [0x00000000d5c80000,0x00000000d5d48000,0x00000000d5d80000)
  to   space 1024K, 0% used [0x00000000d5d80000,0x00000000d5d80000,0x00000000d5e80000)
 ParOldGen       total 582656K, used 99997K [0x0000000080000000, 0x00000000a3900000, 0x00000000d5580000)
  object space 582656K, 17% used [0x0000000080000000,0x00000000861a7518,0x00000000a3900000)
 Metaspace       used 78163K, committed 80000K, reserved 1179648K
  class space    used 8124K, committed 8896K, reserved 1048576K
}
Event: 1841.457 GC heap before
{Heap before GC invocations=1154 (full 4):
 PSYoungGen      total 5632K, used 5408K [0x00000000d5580000, 0x00000000d5e80000, 0x0000000100000000)
  eden space 4608K, 100% used [0x00000000d5580000,0x00000000d5a00000,0x00000000d5a00000)
  from space 1024K, 78% used [0x00000000d5c80000,0x00000000d5d48000,0x00000000d5d80000)
  to   space 1024K, 0% used [0x00000000d5d80000,0x00000000d5d80000,0x00000000d5e80000)
 ParOldGen       total 582656K, used 99997K [0x0000000080000000, 0x00000000a3900000, 0x00000000d5580000)
  object space 582656K, 17% used [0x0000000080000000,0x00000000861a7518,0x00000000a3900000)
 Metaspace       used 78172K, committed 80064K, reserved 1179648K
  class space    used 8124K, committed 8896K, reserved 1048576K
}
Event: 1841.463 GC heap after
{Heap after GC invocations=1154 (full 4):
 PSYoungGen      total 5632K, used 800K [0x00000000d5580000, 0x00000000d5e80000, 0x0000000100000000)
  eden space 4608K, 0% used [0x00000000d5580000,0x00000000d5580000,0x00000000d5a00000)
  from space 1024K, 78% used [0x00000000d5d80000,0x00000000d5e48000,0x00000000d5e80000)
  to   space 1024K, 0% used [0x00000000d5c80000,0x00000000d5c80000,0x00000000d5d80000)
 ParOldGen       total 582656K, used 100553K [0x0000000080000000, 0x00000000a3900000, 0x00000000d5580000)
  object space 582656K, 17% used [0x0000000080000000,0x0000000086232528,0x00000000a3900000)
 Metaspace       used 78172K, committed 80064K, reserved 1179648K
  class space    used 8124K, committed 8896K, reserved 1048576K
}

Dll operation events (20 events):
Event: 0.120 Attempting to load shared library c:\Users\yoelw\.vscode\extensions\redhat.java-1.56.0-win32-x64\jre\21.0.12.1-win32-x86_64\bin\zip.dll
Event: 0.121 Loaded shared library c:\Users\yoelw\.vscode\extensions\redhat.java-1.56.0-win32-x64\jre\21.0.12.1-win32-x86_64\bin\zip.dll
Event: 0.153 Attempting to load shared library C:\Users\yoelw\.vscode\extensions\redhat.java-1.56.0-win32-x64\jre\21.0.12.1-win32-x86_64\bin\instrument.dll
Event: 0.153 Loaded shared library C:\Users\yoelw\.vscode\extensions\redhat.java-1.56.0-win32-x64\jre\21.0.12.1-win32-x86_64\bin\instrument.dll
Event: 0.160 Attempting to load shared library C:\Users\yoelw\.vscode\extensions\redhat.java-1.56.0-win32-x64\jre\21.0.12.1-win32-x86_64\bin\net.dll
Event: 0.162 Loaded shared library C:\Users\yoelw\.vscode\extensions\redhat.java-1.56.0-win32-x64\jre\21.0.12.1-win32-x86_64\bin\net.dll
Event: 0.166 Attempting to load shared library C:\Users\yoelw\.vscode\extensions\redhat.java-1.56.0-win32-x64\jre\21.0.12.1-win32-x86_64\bin\nio.dll
Event: 0.167 Loaded shared library C:\Users\yoelw\.vscode\extensions\redhat.java-1.56.0-win32-x64\jre\21.0.12.1-win32-x86_64\bin\nio.dll
Event: 0.174 Attempting to load shared library C:\Users\yoelw\.vscode\extensions\redhat.java-1.56.0-win32-x64\jre\21.0.12.1-win32-x86_64\bin\zip.dll
Event: 0.174 Loaded shared library C:\Users\yoelw\.vscode\extensions\redhat.java-1.56.0-win32-x64\jre\21.0.12.1-win32-x86_64\bin\zip.dll
Event: 0.199 Attempting to load shared library C:\Users\yoelw\.vscode\extensions\redhat.java-1.56.0-win32-x64\jre\21.0.12.1-win32-x86_64\bin\jimage.dll
Event: 0.199 Loaded shared library C:\Users\yoelw\.vscode\extensions\redhat.java-1.56.0-win32-x64\jre\21.0.12.1-win32-x86_64\bin\jimage.dll
Event: 0.311 Attempting to load shared library c:\Users\yoelw\.vscode\extensions\redhat.java-1.56.0-win32-x64\jre\21.0.12.1-win32-x86_64\bin\verify.dll
Event: 0.313 Loaded shared library c:\Users\yoelw\.vscode\extensions\redhat.java-1.56.0-win32-x64\jre\21.0.12.1-win32-x86_64\bin\verify.dll
Event: 2.281 Attempting to load shared library C:\Users\yoelw\AppData\Roaming\Code\User\globalStorage\redhat.java\1.56.0\config_win\org.eclipse.equinox.launcher\org.eclipse.equinox.launcher.win32.win32.x86_64_1.3.100.v20260804-1928\eclipse_11924.dll
Event: 2.289 Loaded shared library C:\Users\yoelw\AppData\Roaming\Code\User\globalStorage\redhat.java\1.56.0\config_win\org.eclipse.equinox.launcher\org.eclipse.equinox.launcher.win32.win32.x86_64_1.3.100.v20260804-1928\eclipse_11924.dll
Event: 6.826 Attempting to load shared library C:\Users\yoelw\AppData\Local\Temp\jna-115153370\jna10757058395731842401.dll
Event: 6.857 Loaded shared library C:\Users\yoelw\AppData\Local\Temp\jna-115153370\jna10757058395731842401.dll
Event: 780.577 Attempting to load shared library C:\Users\yoelw\.vscode\extensions\redhat.java-1.56.0-win32-x64\jre\21.0.12.1-win32-x86_64\bin\extnet.dll
Event: 780.580 Loaded shared library C:\Users\yoelw\.vscode\extensions\redhat.java-1.56.0-win32-x64\jre\21.0.12.1-win32-x86_64\bin\extnet.dll

Deoptimization events (20 events):
Event: 1841.086 Thread 0x00000141f9b7ee70 DEOPT PACKING pc=0x00000141e37d8fa4 sp=0x00000001004fd7d0
Event: 1841.087 Thread 0x00000141f9b7ee70 DEOPT UNPACKING pc=0x00000141e2623aa2 sp=0x00000001004fd7a8 mode 2
Event: 1841.203 Thread 0x00000141f9b7ee70 Uncommon trap: trap_request=0xffffffc6 fr.pc=0x00000141e3672d4c relative=0x00000000000005cc
Event: 1841.203 Thread 0x00000141f9b7ee70 Uncommon trap: reason=bimorphic_or_optimized_type_check action=maybe_recompile pc=0x00000141e3672d4c method=java.util.HashMap.removeNode(ILjava/lang/Object;Ljava/lang/Object;ZZ)Ljava/util/HashMap$Node; @ 143 c2
Event: 1841.203 Thread 0x00000141f9b7ee70 DEOPT PACKING pc=0x00000141e3672d4c sp=0x00000001004fe440
Event: 1841.204 Thread 0x00000141f9b7ee70 DEOPT UNPACKING pc=0x00000141e2623aa2 sp=0x00000001004fe348 mode 2
Event: 1841.315 Thread 0x00000141f9b7ee70 DEOPT PACKING pc=0x00000141dd89fc41 sp=0x00000001004fd8d0
Event: 1841.315 Thread 0x00000141f9b7ee70 DEOPT UNPACKING pc=0x00000141e2624242 sp=0x00000001004fcdf8 mode 0
Event: 1841.388 Thread 0x00000141f9b7ee70 DEOPT PACKING pc=0x00000141dc0a7c82 sp=0x00000001004fdb00
Event: 1841.388 Thread 0x00000141f9b7ee70 DEOPT UNPACKING pc=0x00000141e2624242 sp=0x00000001004fd1d0 mode 0
Event: 1841.413 Thread 0x00000141f9b7ee70 DEOPT PACKING pc=0x00000141dd89fc41 sp=0x00000001004fd5d0
Event: 1841.413 Thread 0x00000141f9b7ee70 DEOPT UNPACKING pc=0x00000141e2624242 sp=0x00000001004fcaf8 mode 0
Event: 1841.441 Thread 0x00000141f9b7ee70 DEOPT PACKING pc=0x00000141dd1520ef sp=0x00000001004fcb40
Event: 1841.441 Thread 0x00000141f9b7ee70 DEOPT UNPACKING pc=0x00000141e2624242 sp=0x00000001004fc058 mode 0
Event: 1841.465 Thread 0x00000141f9b7ee70 DEOPT PACKING pc=0x00000141dd1520ef sp=0x00000001004fca10
Event: 1841.465 Thread 0x00000141f9b7ee70 DEOPT UNPACKING pc=0x00000141e2624242 sp=0x00000001004fbf28 mode 0
Event: 1841.498 Thread 0x00000141f9b7ee70 DEOPT PACKING pc=0x00000141dc0a7c82 sp=0x00000001004fd540
Event: 1841.498 Thread 0x00000141f9b7ee70 DEOPT UNPACKING pc=0x00000141e2624242 sp=0x00000001004fcc10 mode 0
Event: 1841.502 Thread 0x00000141f9b7ee70 DEOPT PACKING pc=0x00000141dc0a7c82 sp=0x00000001004fd540
Event: 1841.502 Thread 0x00000141f9b7ee70 DEOPT UNPACKING pc=0x00000141e2624242 sp=0x00000001004fcc10 mode 0

Classes loaded (20 events):
Event: 1063.174 Loading class java/util/concurrent/ArrayBlockingQueue
Event: 1063.176 Loading class java/util/concurrent/ArrayBlockingQueue done
Event: 1063.247 Loading class java/util/concurrent/ConcurrentHashMap$KeySpliterator
Event: 1063.248 Loading class java/util/concurrent/ConcurrentHashMap$KeySpliterator done
Event: 1066.655 Loading class jdk/internal/module/IllegalAccessLogger
Event: 1066.655 Loading class jdk/internal/module/IllegalAccessLogger done
Event: 1094.586 Loading class java/util/function/IntPredicate
Event: 1094.587 Loading class java/util/function/IntPredicate done
Event: 1094.616 Loading class java/util/regex/Pattern$Bound
Event: 1094.616 Loading class java/util/regex/Pattern$Bound done
Event: 1138.070 Loading class java/util/stream/Nodes$CollectorTask$OfRef
Event: 1138.083 Loading class java/util/stream/Nodes$CollectorTask
Event: 1138.088 Loading class java/util/stream/Nodes$CollectorTask done
Event: 1138.088 Loading class java/util/stream/Nodes$CollectorTask$OfRef done
Event: 1138.271 Loading class java/util/function/LongFunction
Event: 1138.272 Loading class java/util/function/LongFunction done
Event: 1138.275 Loading class java/util/stream/Nodes$ConcNode
Event: 1138.277 Loading class java/util/stream/Nodes$AbstractConcNode
Event: 1138.279 Loading class java/util/stream/Nodes$AbstractConcNode done
Event: 1138.279 Loading class java/util/stream/Nodes$ConcNode done

Classes unloaded (20 events):
Event: 1084.411 Thread 0x00000141eea12520 Unloading class 0x00000141818184f0 'org/apache/maven/shared/filtering/MavenReaderFilter'
Event: 1084.411 Thread 0x00000141eea12520 Unloading class 0x0000014181818250 'org/apache/maven/shared/filtering/DefaultMavenFileFilter'
Event: 1084.411 Thread 0x00000141eea12520 Unloading class 0x0000014181818000 'org/apache/maven/shared/filtering/BaseFilter'
Event: 1084.411 Thread 0x00000141eea12520 Unloading class 0x0000014181815db8 'org/apache/maven/shared/filtering/MavenFileFilter'
Event: 1084.411 Thread 0x00000141eea12520 Unloading class 0x0000014181815bb8 'org/apache/maven/shared/filtering/DefaultFilterInfo'
Event: 1084.411 Thread 0x00000141eea12520 Unloading class 0x00000141818158a8 'org/apache/maven/plugins/resources/TestResourcesMojo'
Event: 1084.412 Thread 0x00000141eea12520 Unloading class 0x0000014181815620 'org/apache/maven/plugins/maven_resources_plugin/HelpMojo'
Event: 1084.412 Thread 0x00000141eea12520 Unloading class 0x0000014181815310 'org/apache/maven/plugins/resources/CopyResourcesMojo'
Event: 1084.412 Thread 0x00000141eea12520 Unloading class 0x0000014181815000 'org/apache/maven/plugins/resources/ResourcesMojo'
Event: 1084.412 Thread 0x00000141eea12520 Unloading class 0x0000014181713800 'java/lang/invoke/LambdaForm$DMH+0x0000014181713800'
Event: 1084.412 Thread 0x00000141eea12520 Unloading class 0x0000014181713400 'java/lang/invoke/LambdaForm$DMH+0x0000014181713400'
Event: 1084.412 Thread 0x00000141eea12520 Unloading class 0x0000014181712c00 'java/lang/invoke/LambdaForm$MH+0x0000014181712c00'
Event: 1084.412 Thread 0x00000141eea12520 Unloading class 0x0000014181712400 'java/lang/invoke/LambdaForm$MH+0x0000014181712400'
Event: 1084.412 Thread 0x00000141eea12520 Unloading class 0x0000014181712000 'java/lang/invoke/LambdaForm$MH+0x0000014181712000'
Event: 1084.412 Thread 0x00000141eea12520 Unloading class 0x0000014181711800 'java/lang/invoke/LambdaForm$MH+0x0000014181711800'
Event: 1084.412 Thread 0x00000141eea12520 Unloading class 0x0000014181711000 'java/lang/invoke/LambdaForm$MH+0x0000014181711000'
Event: 1084.412 Thread 0x00000141eea12520 Unloading class 0x0000014181710c00 'java/lang/invoke/LambdaForm$MH+0x0000014181710c00'
Event: 1084.412 Thread 0x00000141eea12520 Unloading class 0x0000014181710000 'java/lang/invoke/LambdaForm$MH+0x0000014181710000'
Event: 1084.412 Thread 0x00000141eea12520 Unloading class 0x0000014181710400 'java/lang/invoke/LambdaForm$MH+0x0000014181710400'
Event: 1084.412 Thread 0x00000141eea12520 Unloading class 0x00000141816f0400 'java/lang/invoke/LambdaForm$DMH+0x00000141816f0400'

Classes redefined (0 events):
No events

Internal exceptions (20 events):
Event: 1081.986 Thread 0x00000141f85f72b0 Exception <a 'sun/nio/fs/WindowsException'{0x00000000d55c12e8}> (0x00000000d55c12e8) 
thrown [s\src\hotspot\share\prims\jni.cpp, line 520]
Event: 1082.031 Thread 0x00000141f8ec4590 Exception <a 'sun/nio/fs/WindowsException'{0x00000000d56625e8}> (0x00000000d56625e8) 
thrown [s\src\hotspot\share\prims\jni.cpp, line 520]
Event: 1082.031 Thread 0x00000141f8ec4590 Exception <a 'sun/nio/fs/WindowsException'{0x00000000d5663200}> (0x00000000d5663200) 
thrown [s\src\hotspot\share\prims\jni.cpp, line 520]
Event: 1082.032 Thread 0x00000141f8ec4590 Exception <a 'sun/nio/fs/WindowsException'{0x00000000d56646a8}> (0x00000000d56646a8) 
thrown [s\src\hotspot\share\prims\jni.cpp, line 520]
Event: 1082.032 Thread 0x00000141f8ec4590 Exception <a 'sun/nio/fs/WindowsException'{0x00000000d56652b0}> (0x00000000d56652b0) 
thrown [s\src\hotspot\share\prims\jni.cpp, line 520]
Event: 1082.036 Thread 0x00000141f8ec4590 Exception <a 'sun/nio/fs/WindowsException'{0x00000000d5669130}> (0x00000000d5669130) 
thrown [s\src\hotspot\share\prims\jni.cpp, line 520]
Event: 1082.037 Thread 0x00000141f8ec4590 Exception <a 'sun/nio/fs/WindowsException'{0x00000000d5669f98}> (0x00000000d5669f98) 
thrown [s\src\hotspot\share\prims\jni.cpp, line 520]
Event: 1082.076 Thread 0x00000141f8ec4590 Exception <a 'sun/nio/fs/WindowsException'{0x00000000d55b97b8}> (0x00000000d55b97b8) 
thrown [s\src\hotspot\share\prims\jni.cpp, line 520]
Event: 1082.076 Thread 0x00000141f8ec4590 Exception <a 'sun/nio/fs/WindowsException'{0x00000000d55c0128}> (0x00000000d55c0128) 
thrown [s\src\hotspot\share\prims\jni.cpp, line 520]
Event: 1084.306 Thread 0x00000141fac8a6e0 Implicit null exception at 0x00000141e348e3fb to 0x00000141e348ee98
Event: 1084.306 Thread 0x00000141fac8a6e0 Implicit null exception at 0x00000141e356508f to 0x00000141e35659d8
Event: 1085.451 Thread 0x00000141fac902c0 Exception <a 'sun/nio/fs/WindowsException'{0x00000000d56f28e8}> (0x00000000d56f28e8) 
thrown [s\src\hotspot\share\prims\jni.cpp, line 520]
Event: 1085.452 Thread 0x00000141fac902c0 Exception <a 'sun/nio/fs/WindowsException'{0x00000000d5727040}> (0x00000000d5727040) 
thrown [s\src\hotspot\share\prims\jni.cpp, line 520]
Event: 1094.589 Thread 0x00000141fac8a6e0 Exception <a 'java/lang/NoSuchMethodError'{0x00000000d56fc790}: 'int java.lang.invoke.DirectMethodHandle$Holder.invokeStaticInit(java.lang.Object, int)'> (0x00000000d56fc790) 
thrown [s\src\hotspot\share\interpreter\linkResolver.cpp, line 773]
Event: 1137.991 Thread 0x00000141f67fb730 Exception <a 'sun/nio/fs/WindowsException'{0x00000000d577c900}> (0x00000000d577c900) 
thrown [s\src\hotspot\share\prims\jni.cpp, line 520]
Event: 1137.994 Thread 0x00000141f67fb730 Exception <a 'sun/nio/fs/WindowsException'{0x00000000d577d548}> (0x00000000d577d548) 
thrown [s\src\hotspot\share\prims\jni.cpp, line 520]
Event: 1138.017 Thread 0x00000141f67fb730 Implicit null exception at 0x00000141e3250506 to 0x00000141e325087c
Event: 1138.348 Thread 0x00000141f67fb730 Exception <a 'java/lang/NoSuchMethodError'{0x00000000d582bfc8}: static [J.<clinit>()V> (0x00000000d582bfc8) 
thrown [s\src\hotspot\share\prims\jni.cpp, line 1111]
Event: 1495.842 Thread 0x00000141f9b7e7e0 Exception <a 'sun/nio/fs/WindowsException'{0x00000000d5697c30}> (0x00000000d5697c30) 
thrown [s\src\hotspot\share\prims\jni.cpp, line 520]
Event: 1495.851 Thread 0x00000141f9b7e7e0 Exception <a 'sun/nio/fs/WindowsException'{0x00000000d56982a0}> (0x00000000d56982a0) 
thrown [s\src\hotspot\share\prims\jni.cpp, line 520]

ZGC Phase Switch (0 events):
No events

VM Operations (20 events):
Event: 1731.102 Executing non-safepoint VM operation: RendezvousGCThreads
Event: 1731.102 Executing non-safepoint VM operation: RendezvousGCThreads done
Event: 1791.122 Executing non-safepoint VM operation: HandshakeAllThreads (HandshakeForDeflation)
Event: 1791.123 Executing non-safepoint VM operation: HandshakeAllThreads (HandshakeForDeflation) done
Event: 1791.124 Executing non-safepoint VM operation: RendezvousGCThreads
Event: 1791.124 Executing non-safepoint VM operation: RendezvousGCThreads done
Event: 1840.591 Executing safepoint VM operation: Cleanup
Event: 1840.593 Executing safepoint VM operation: Cleanup done
Event: 1840.762 Executing safepoint VM operation: ParallelGCFailedAllocation (Allocation Failure)
Event: 1840.803 Executing safepoint VM operation: ParallelGCFailedAllocation (Allocation Failure) done
Event: 1841.304 Executing safepoint VM operation: ParallelGCFailedAllocation (Allocation Failure)
Event: 1841.309 Executing safepoint VM operation: ParallelGCFailedAllocation (Allocation Failure) done
Event: 1841.457 Executing safepoint VM operation: ParallelGCFailedAllocation (Allocation Failure)
Event: 1841.463 Executing safepoint VM operation: ParallelGCFailedAllocation (Allocation Failure) done
Event: 1842.474 Executing safepoint VM operation: Cleanup
Event: 1842.474 Executing safepoint VM operation: Cleanup done
Event: 1851.143 Executing non-safepoint VM operation: HandshakeAllThreads (HandshakeForDeflation)
Event: 1851.144 Executing non-safepoint VM operation: HandshakeAllThreads (HandshakeForDeflation) done
Event: 1851.144 Executing non-safepoint VM operation: RendezvousGCThreads
Event: 1851.144 Executing non-safepoint VM operation: RendezvousGCThreads done

Memory protections (0 events):
No events

Nmethod flushes (20 events):
Event: 1084.799 Thread 0x00000141eea12520 flushing  nmethod 0x00000141dc301f10
Event: 1084.799 Thread 0x00000141eea12520 flushing  nmethod 0x00000141dc302690
Event: 1084.799 Thread 0x00000141eea12520 flushing  nmethod 0x00000141dc302b10
Event: 1084.799 Thread 0x00000141eea12520 flushing  nmethod 0x00000141dc303890
Event: 1084.799 Thread 0x00000141eea12520 flushing  nmethod 0x00000141dc303e10
Event: 1084.799 Thread 0x00000141eea12520 flushing  nmethod 0x00000141dc304310
Event: 1084.799 Thread 0x00000141eea12520 flushing  nmethod 0x00000141dc30cc10
Event: 1084.799 Thread 0x00000141eea12520 flushing  nmethod 0x00000141dc30ec90
Event: 1084.799 Thread 0x00000141eea12520 flushing  nmethod 0x00000141dc30f410
Event: 1084.799 Thread 0x00000141eea12520 flushing  nmethod 0x00000141dc320710
Event: 1084.799 Thread 0x00000141eea12520 flushing  nmethod 0x00000141dc325b10
Event: 1084.799 Thread 0x00000141eea12520 flushing  nmethod 0x00000141dc326690
Event: 1084.799 Thread 0x00000141eea12520 flushing  nmethod 0x00000141dc329610
Event: 1084.799 Thread 0x00000141eea12520 flushing  nmethod 0x00000141dc32c210
Event: 1084.799 Thread 0x00000141eea12520 flushing osr nmethod 0x00000141dc35ec90
Event: 1084.799 Thread 0x00000141eea12520 flushing  nmethod 0x00000141dc367c90
Event: 1084.799 Thread 0x00000141eea12520 flushing  nmethod 0x00000141dca74710
Event: 1084.799 Thread 0x00000141eea12520 flushing  nmethod 0x00000141dca75490
Event: 1084.799 Thread 0x00000141eea12520 flushing  nmethod 0x00000141dca7b490
Event: 1084.799 Thread 0x00000141eea12520 flushing  nmethod 0x00000141dca7d790

Events (20 events):
Event: 1496.044 Thread 0x00000141f67fd170 Thread added: 0x00000141f9b7ee70
Event: 1496.045 Thread 0x00000141f9b808b0 Thread exited: 0x00000141f9b808b0
Event: 1496.361 Thread 0x00000141f9b7ee70 Thread exited: 0x00000141f9b7ee70
Event: 1508.149 Thread 0x00000141f682eb00 Thread exited: 0x00000141f682eb00
Event: 1555.510 Thread 0x00000141fac8ba90 Thread exited: 0x00000141fac8ba90
Event: 1568.153 Thread 0x00000141f85f51e0 Thread exited: 0x00000141f85f51e0
Event: 1615.524 Thread 0x00000141fac8e880 Thread exited: 0x00000141fac8e880
Event: 1628.164 Thread 0x00000141f67ff8d0 Thread exited: 0x00000141f67ff8d0
Event: 1675.531 Thread 0x00000141fac8db60 Thread exited: 0x00000141fac8db60
Event: 1688.174 Thread 0x00000141f6830540 Thread exited: 0x00000141f6830540
Event: 1748.181 Thread 0x00000141f682feb0 Thread exited: 0x00000141f682feb0
Event: 1765.348 Thread 0x00000141fac8d4d0 Thread exited: 0x00000141fac8d4d0
Event: 1775.972 Thread 0x00000141f85f2a80 Thread exited: 0x00000141f85f2a80
Event: 1808.194 Thread 0x00000141f85f5870 Thread exited: 0x00000141f85f5870
Event: 1822.344 Thread 0x00000141f1dc6190 Thread added: 0x00000141f9b7ee70
Event: 1840.295 Thread 0x00000141f1dc6190 Thread added: 0x00000141f9b7d430
Event: 1841.542 Thread 0x00000141f9b7ee70 Thread added: 0x00000141f9b80220
Event: 1868.202 Thread 0x00000141f682ca30 Thread exited: 0x00000141f682ca30
Event: 1900.326 Thread 0x00000141f67fa380 Thread exited: 0x00000141f67fa380
Event: 1901.594 Thread 0x00000141f9b7ee70 Thread exited: 0x00000141f9b7ee70


Dynamic libraries:
0x00007ff71e400000 - 0x00007ff71e40e000 	c:\Users\yoelw\.vscode\extensions\redhat.java-1.56.0-win32-x64\jre\21.0.12.1-win32-x86_64\bin\java.exe
0x00007ff8ec660000 - 0x00007ff8ec8c7000 	C:\WINDOWS\SYSTEM32\ntdll.dll
0x00007ff8eb270000 - 0x00007ff8eb33b000 	C:\WINDOWS\System32\KERNEL32.DLL
0x00007ff8e9a70000 - 0x00007ff8e9e72000 	C:\WINDOWS\System32\KERNELBASE.dll
0x00007ff8e9f40000 - 0x00007ff8ea08c000 	C:\WINDOWS\System32\ucrtbase.dll
0x00007ff8e7080000 - 0x00007ff8e7098000 	c:\Users\yoelw\.vscode\extensions\redhat.java-1.56.0-win32-x64\jre\21.0.12.1-win32-x86_64\bin\jli.dll
0x00007ff8e6260000 - 0x00007ff8e627e000 	c:\Users\yoelw\.vscode\extensions\redhat.java-1.56.0-win32-x64\jre\21.0.12.1-win32-x86_64\bin\VCRUNTIME140.dll
0x00007ff8ea590000 - 0x00007ff8ea75f000 	C:\WINDOWS\System32\USER32.dll
0x00007ff8e9860000 - 0x00007ff8e9887000 	C:\WINDOWS\System32\win32u.dll
0x00007ff8ea560000 - 0x00007ff8ea58b000 	C:\WINDOWS\System32\GDI32.dll
0x00007ff8d17b0000 - 0x00007ff8d1a40000 	C:\WINDOWS\WinSxS\amd64_microsoft.windows.common-controls_6595b64144ccf1df_6.0.26100.9278_none_3e0d1ba8e3303201\COMCTL32.dll
0x00007ff8e9890000 - 0x00007ff8e99b9000 	C:\WINDOWS\System32\gdi32full.dll
0x00007ff8e99c0000 - 0x00007ff8e9a63000 	C:\WINDOWS\System32\msvcp_win.dll
0x00007ff8eb350000 - 0x00007ff8eb3f9000 	C:\WINDOWS\System32\msvcrt.dll
0x00007ff8ea380000 - 0x00007ff8ea3b1000 	C:\WINDOWS\System32\IMM32.DLL
0x00007ff8e6250000 - 0x00007ff8e625c000 	c:\Users\yoelw\.vscode\extensions\redhat.java-1.56.0-win32-x64\jre\21.0.12.1-win32-x86_64\bin\vcruntime140_1.dll
0x00007ff8a9ba0000 - 0x00007ff8a9c2d000 	c:\Users\yoelw\.vscode\extensions\redhat.java-1.56.0-win32-x64\jre\21.0.12.1-win32-x86_64\bin\msvcp140.dll
0x00007ff816810000 - 0x00007ff8175b2000 	c:\Users\yoelw\.vscode\extensions\redhat.java-1.56.0-win32-x64\jre\21.0.12.1-win32-x86_64\bin\server\jvm.dll
0x00007ff8ebd70000 - 0x00007ff8ebe2c000 	C:\WINDOWS\System32\ADVAPI32.dll
0x00007ff8eae40000 - 0x00007ff8eaee9000 	C:\WINDOWS\System32\sechost.dll
0x00007ff8ec070000 - 0x00007ff8ec188000 	C:\WINDOWS\System32\RPCRT4.dll
0x00007ff8eafe0000 - 0x00007ff8eb060000 	C:\WINDOWS\System32\WS2_32.dll
0x00007ff8e96c0000 - 0x00007ff8e971e000 	C:\WINDOWS\SYSTEM32\POWRPROF.dll
0x00007ff8e0100000 - 0x00007ff8e010b000 	C:\WINDOWS\SYSTEM32\VERSION.dll
0x00007ff8dec20000 - 0x00007ff8dec56000 	C:\WINDOWS\SYSTEM32\WINMM.dll
0x00007ff8e96a0000 - 0x00007ff8e96b5000 	C:\WINDOWS\SYSTEM32\UMPDC.dll
0x00007ff8e8530000 - 0x00007ff8e854b000 	C:\WINDOWS\SYSTEM32\kernel.appcore.dll
0x00007ff8e4410000 - 0x00007ff8e441a000 	c:\Users\yoelw\.vscode\extensions\redhat.java-1.56.0-win32-x64\jre\21.0.12.1-win32-x86_64\bin\jimage.dll
0x00007ff8e6e00000 - 0x00007ff8e704c000 	C:\WINDOWS\SYSTEM32\DBGHELP.DLL
0x00007ff8ea950000 - 0x00007ff8eacd5000 	C:\WINDOWS\System32\combase.dll
0x00007ff8eb170000 - 0x00007ff8eb249000 	C:\WINDOWS\System32\OLEAUT32.dll
0x00007ff8c33a0000 - 0x00007ff8c33db000 	C:\WINDOWS\SYSTEM32\dbgcore.DLL
0x00007ff8e9e80000 - 0x00007ff8e9f2c000 	C:\WINDOWS\System32\bcryptPrimitives.dll
0x00007ff8e4400000 - 0x00007ff8e440f000 	c:\Users\yoelw\.vscode\extensions\redhat.java-1.56.0-win32-x64\jre\21.0.12.1-win32-x86_64\bin\instrument.dll
0x00007ff8dff20000 - 0x00007ff8dff40000 	c:\Users\yoelw\.vscode\extensions\redhat.java-1.56.0-win32-x64\jre\21.0.12.1-win32-x86_64\bin\java.dll
0x00007ff8eb4f0000 - 0x00007ff8ebc88000 	C:\WINDOWS\System32\SHELL32.dll
0x00007ff8e72a0000 - 0x00007ff8e7b4e000 	C:\WINDOWS\SYSTEM32\windows.storage.dll
0x00007ff8eb070000 - 0x00007ff8eb16b000 	C:\WINDOWS\System32\SHCORE.dll
0x00007ff8ebcb0000 - 0x00007ff8ebd16000 	C:\WINDOWS\System32\shlwapi.dll
0x00007ff8e9780000 - 0x00007ff8e97a9000 	C:\WINDOWS\SYSTEM32\profapi.dll
0x00007ff8dfa70000 - 0x00007ff8dfa88000 	c:\Users\yoelw\.vscode\extensions\redhat.java-1.56.0-win32-x64\jre\21.0.12.1-win32-x86_64\bin\zip.dll
0x00007ff8e00f0000 - 0x00007ff8e0100000 	C:\Users\yoelw\.vscode\extensions\redhat.java-1.56.0-win32-x64\jre\21.0.12.1-win32-x86_64\bin\net.dll
0x00007ff8e1570000 - 0x00007ff8e169a000 	C:\WINDOWS\SYSTEM32\WINHTTP.dll
0x00007ff8e8af0000 - 0x00007ff8e8b5c000 	C:\WINDOWS\system32\mswsock.dll
0x00007ff8df870000 - 0x00007ff8df886000 	C:\Users\yoelw\.vscode\extensions\redhat.java-1.56.0-win32-x64\jre\21.0.12.1-win32-x86_64\bin\nio.dll
0x00007ff8dff00000 - 0x00007ff8dff10000 	c:\Users\yoelw\.vscode\extensions\redhat.java-1.56.0-win32-x64\jre\21.0.12.1-win32-x86_64\bin\verify.dll
0x00007ff8a5e40000 - 0x00007ff8a5e85000 	C:\Users\yoelw\AppData\Roaming\Code\User\globalStorage\redhat.java\1.56.0\config_win\org.eclipse.equinox.launcher\org.eclipse.equinox.launcher.win32.win32.x86_64_1.3.100.v20260804-1928\eclipse_11924.dll
0x00007ff8ea3c0000 - 0x00007ff8ea55a000 	C:\WINDOWS\System32\ole32.dll
0x00007ff8e8e00000 - 0x00007ff8e8e1b000 	C:\WINDOWS\SYSTEM32\CRYPTSP.dll
0x00007ff8e8490000 - 0x00007ff8e84c9000 	C:\WINDOWS\system32\rsaenh.dll
0x00007ff8e8ba0000 - 0x00007ff8e8bd4000 	C:\WINDOWS\SYSTEM32\USERENV.dll
0x00007ff8e9750000 - 0x00007ff8e977a000 	C:\WINDOWS\SYSTEM32\bcrypt.dll
0x00007ff8e8de0000 - 0x00007ff8e8dec000 	C:\WINDOWS\SYSTEM32\CRYPTBASE.dll
0x00007ff8e7f30000 - 0x00007ff8e7f63000 	C:\WINDOWS\SYSTEM32\IPHLPAPI.DLL
0x00007ff8eb340000 - 0x00007ff8eb34a000 	C:\WINDOWS\System32\NSI.dll
0x00007ff8a5da0000 - 0x00007ff8a5de9000 	C:\Users\yoelw\AppData\Local\Temp\jna-115153370\jna10757058395731842401.dll
0x00007ff8ebca0000 - 0x00007ff8ebca8000 	C:\WINDOWS\System32\PSAPI.DLL
0x00007ff8e1d70000 - 0x00007ff8e1d8d000 	C:\WINDOWS\SYSTEM32\dhcpcsvc6.DLL
0x00007ff8e11b0000 - 0x00007ff8e11d5000 	C:\WINDOWS\SYSTEM32\dhcpcsvc.DLL
0x00007ff8dfc70000 - 0x00007ff8dfc79000 	C:\Users\yoelw\.vscode\extensions\redhat.java-1.56.0-win32-x64\jre\21.0.12.1-win32-x86_64\bin\extnet.dll

JVMTI agents:
c:\Users\yoelw\.vscode\extensions\redhat.java-1.56.0-win32-x64\lombok\lombok-1.18.39-4050.jar path:c:\Users\yoelw\.vscode\extensions\redhat.java-1.56.0-win32-x64\jre\21.0.12.1-win32-x86_64\bin\instrument.dll, loaded, initialized, instrumentlib options:none

dbghelp: loaded successfully - version: 4.0.5 - missing functions: none
symbol engine: initialized successfully - sym options: 0x614 - pdb path: .;c:\Users\yoelw\.vscode\extensions\redhat.java-1.56.0-win32-x64\jre\21.0.12.1-win32-x86_64\bin;C:\WINDOWS\SYSTEM32;C:\WINDOWS\WinSxS\amd64_microsoft.windows.common-controls_6595b64144ccf1df_6.0.26100.9278_none_3e0d1ba8e3303201;c:\Users\yoelw\.vscode\extensions\redhat.java-1.56.0-win32-x64\jre\21.0.12.1-win32-x86_64\bin\server;C:\Users\yoelw\AppData\Roaming\Code\User\globalStorage\redhat.java\1.56.0\config_win\org.eclipse.equinox.launcher\org.eclipse.equinox.launcher.win32.win32.x86_64_1.3.100.v20260804-1928;C:\Users\yoelw\AppData\Local\Temp\jna-115153370

VM Arguments:
jvm_args: --add-modules=ALL-SYSTEM --add-opens=java.base/java.util=ALL-UNNAMED --add-opens=java.base/java.lang=ALL-UNNAMED --add-opens=java.base/sun.nio.fs=ALL-UNNAMED -Declipse.application=org.eclipse.jdt.ls.core.id1 -Dosgi.bundles.defaultStartLevel=4 -Declipse.product=org.eclipse.jdt.ls.core.product -Djava.import.generatesMetadataFilesAtProjectRoot=false -Dm2e.project.cache.size=50 -DDetectVMInstallationsJob.disabled=true -Dfile.encoding=utf8 -XX:+UseParallelGC -XX:GCTimeRatio=4 -XX:AdaptiveSizePolicyWeight=90 -Dsun.zip.disableMemoryMapping=true -Xmx2G -Xms100m -Xlog:disable -javaagent:c:\Users\yoelw\.vscode\extensions\redhat.java-1.56.0-win32-x64\lombok\lombok-1.18.39-4050.jar -XX:+HeapDumpOnOutOfMemoryError -XX:HeapDumpPath=c:\Users\yoelw\AppData\Roaming\Code\User\workspaceStorage\6b46e53ac1ccabaa3e24e8d0aff17256\redhat.java -Daether.dependencyCollector.impl=bf 
java_command: c:\Users\yoelw\.vscode\extensions\redhat.java-1.56.0-win32-x64\server\plugins\org.eclipse.equinox.launcher_1.8.0.v20260804-1928.jar -configuration c:\Users\yoelw\AppData\Roaming\Code\User\globalStorage\redhat.java\1.56.0\config_win -data c:\Users\yoelw\AppData\Roaming\Code\User\workspaceStorage\6b46e53ac1ccabaa3e24e8d0aff17256\redhat.java\jdt_ws --pipe=\\.\pipe\lsp-3ef1b79ed098aa4a73403ab1a42f209d-sock
java_class_path (initial): c:\Users\yoelw\.vscode\extensions\redhat.java-1.56.0-win32-x64\server\plugins\org.eclipse.equinox.launcher_1.8.0.v20260804-1928.jar
Launcher Type: SUN_STANDARD

[Global flags]
    uintx AdaptiveSizePolicyWeight                 = 90                                        {product} {command line}
     intx CICompilerCount                          = 12                                        {product} {ergonomic}
    uintx GCTimeRatio                              = 4                                         {product} {command line}
     bool HeapDumpOnOutOfMemoryError               = true                                   {manageable} {command line}
    ccstr HeapDumpPath                             = c:\Users\yoelw\AppData\Roaming\Code\User\workspaceStorage\6b46e53ac1ccabaa3e24e8d0aff17256\redhat.java         {manageable} {command line}
   size_t InitialHeapSize                          = 104857600                                 {product} {command line}
   size_t MaxHeapSize                              = 2147483648                                {product} {command line}
   size_t MaxNewSize                               = 715653120                                 {product} {ergonomic}
   size_t MinHeapDeltaBytes                        = 524288                                    {product} {ergonomic}
   size_t MinHeapSize                              = 104857600                                 {product} {command line}
   size_t NewSize                                  = 34603008                                  {product} {ergonomic}
    uintx NonNMethodCodeHeapSize                   = 7602480                                {pd product} {ergonomic}
    uintx NonProfiledCodeHeapSize                  = 122027880                              {pd product} {ergonomic}
   size_t OldSize                                  = 70254592                                  {product} {ergonomic}
    uintx ProfiledCodeHeapSize                     = 122027880                              {pd product} {ergonomic}
    uintx ReservedCodeCacheSize                    = 251658240                              {pd product} {ergonomic}
     bool SegmentedCodeCache                       = true                                      {product} {ergonomic}
   size_t SoftMaxHeapSize                          = 2147483648                             {manageable} {ergonomic}
     bool UseCompressedOops                        = true                           {product lp64_product} {ergonomic}
     bool UseLargePagesIndividualAllocation        = false                                  {pd product} {ergonomic}
     bool UseParallelGC                            = true                                      {product} {command line}

Logging:
Log output configuration:
 #0: stdout all=off uptime,level,tags foldmultilines=false
 #1: stderr all=off uptime,level,tags foldmultilines=false

Release file:
JAVA_VERSION="21.0.12.1" 
MODULES="java.base java.compiler java.datatransfer java.xml java.prefs java.desktop java.instrument java.logging java.management java.security.sasl java.naming java.rmi java.management.rmi java.net.http java.scripting java.security.jgss java.transaction.xa java.sql java.sql.rowset java.xml.crypto java.se java.smartcardio jdk.accessibility jdk.internal.jvmstat jdk.attach jdk.charsets jdk.internal.opt jdk.zipfs jdk.compiler jdk.crypto.ec jdk.crypto.cryptoki jdk.crypto.mscapi jdk.dynalink jdk.internal.ed jdk.editpad jdk.hotspot.agent jdk.httpserver jdk.internal.le jdk.internal.vm.ci jdk.internal.vm.compiler jdk.internal.vm.compiler.management jdk.jartool jdk.javadoc jdk.jcmd jdk.management jdk.management.agent jdk.jconsole jdk.jdeps jdk.jdwp.agent jdk.jdi jdk.jfr jdk.jshell jdk.jsobject jdk.jstatd jdk.localedata jdk.management.jfr jdk.naming.dns jdk.naming.rmi jdk.net jdk.nio.mapmode jdk.random jdk.sctp jdk.security.auth jdk.security.jgss jdk.unsupported jdk.unsupported.desktop jdk.xml.dom" 

Environment Variables:
JAVA_HOME=C:\Program Files\Eclipse Adoptium\jdk-21.0.12.8-hotspot\
PATH=C:\app\yoelw\product\21c\dbhomeXE\bin;C:\Python314\Scripts\;C:\Python314\;C:\Program Files\Eclipse Adoptium\jdk-21.0.12.8-hotspot\bin;C:\Program Files\Common Files\Oracle\Java\javapath;C:\WINDOWS\system32;C:\WINDOWS;C:\WINDOWS\System32\Wbem;C:\WINDOWS\System32\WindowsPowerShell\v1.0\;C:\WINDOWS\System32\OpenSSH\;C:\ProgramData\chocolatey\bin;C:\Program Files\nodejs\;C:\ProgramData\ComposerSetup\bin;C:\Program Files\GitHub CLI\;C:\Program Files\Git\cmd;C:\Users\yoelw\AppData\Local\Microsoft\WindowsApps;C:\Users\yoelw\AppData\Local\Programs\Microsoft VS Code\bin;C:\Program Files\JetBrains\IntelliJ IDEA 2025.3.4\bin;C:\laragon\bin\php\php-8.3.30-Win32-vs16-x64;C:\Users\yoelw\AppData\Local\ComposerSetup\bin;C:\Users\yoelw\AppData\Roaming\Composer\vendor\bin;C:\Users\yoelw\AppData\Local\Programs\Antigravity IDE\bin;C:\Program Files\PostgreSQL\17\bin;C:\Users\yoelw\AppData\Roaming\npm;C:\Users\yoelw\AppData\Local\Programs\DockerDesktop\resources\bin
USERNAME=yoelw
OS=Windows_NT
PROCESSOR_IDENTIFIER=AMD64 Family 25 Model 80 Stepping 0, AuthenticAMD
TMP=C:\Users\yoelw\AppData\Local\Temp
TEMP=C:\Users\yoelw\AppData\Local\Temp




Periodic native trim disabled

---------------  S Y S T E M  ---------------

OS:
 Windows 11 , 64 bit Build 26100 (10.0.26100.9444)
OS uptime: 5 days 13:11 hours
Hyper-V role detected

CPU: total 16 (initial active 16) (16 cores per cpu, 2 threads per core) family 25 model 80 stepping 0 microcode 0xa50000d, cx8, cmov, fxsr, ht, mmx, 3dnowpref, sse, sse2, sse3, ssse3, sse4a, sse4.1, sse4.2, popcnt, lzcnt, tsc, tscinvbit, avx, avx2, aes, erms, clmul, bmi1, bmi2, adx, sha, fma, vzeroupper, clflush, clflushopt, hv, rdtscp, rdpid, fsrm, f16c, cet_ss
Processor Information for processor 0
  Max Mhz: 2000, Current Mhz: 1890, Mhz Limit: 2000
Processor Information for processor 1
  Max Mhz: 2000, Current Mhz: 1808, Mhz Limit: 2000
Processor Information for processor 2
  Max Mhz: 2000, Current Mhz: 1890, Mhz Limit: 2000
Processor Information for processor 3
  Max Mhz: 2000, Current Mhz: 1890, Mhz Limit: 2000
Processor Information for processor 4
  Max Mhz: 2000, Current Mhz: 1890, Mhz Limit: 2000
Processor Information for processor 5
  Max Mhz: 2000, Current Mhz: 1890, Mhz Limit: 2000
Processor Information for processor 6
  Max Mhz: 2000, Current Mhz: 1808, Mhz Limit: 2000
Processor Information for processor 7
  Max Mhz: 2000, Current Mhz: 1890, Mhz Limit: 2000
Processor Information for processor 8
  Max Mhz: 2000, Current Mhz: 1890, Mhz Limit: 2000
Processor Information for processor 9
  Max Mhz: 2000, Current Mhz: 1890, Mhz Limit: 2000
Processor Information for processor 10
  Max Mhz: 2000, Current Mhz: 1890, Mhz Limit: 2000
Processor Information for processor 11
  Max Mhz: 2000, Current Mhz: 1808, Mhz Limit: 2000
Processor Information for processor 12
  Max Mhz: 2000, Current Mhz: 1890, Mhz Limit: 2000
Processor Information for processor 13
  Max Mhz: 2000, Current Mhz: 1808, Mhz Limit: 2000
Processor Information for processor 14
  Max Mhz: 2000, Current Mhz: 1890, Mhz Limit: 2000
Processor Information for processor 15
  Max Mhz: 2000, Current Mhz: 1890, Mhz Limit: 2000

Memory: 4k page, system-wide physical 7581M (75M free)
TotalPageFile size 31133M (AvailPageFile size 94M)
current process WorkingSet (physical memory assigned to process): 9M, peak: 518M
current process commit charge ("private bytes"): 941M, peak: 958M

vm_info: OpenJDK 64-Bit Server VM (21.0.12.1+1-LTS) for windows-amd64 JRE (21.0.12.1+1-LTS), built on 2026-08-18T00:00:00Z by "admin" with MS VC++ 17.12 (VS2022)

END.
